I'm sorry, but errors were detected in your script. Please correct the
errors listed below, and try again.


File "game/screens.rpy", line 300: 'background' is not a keyword argument or valid child of the vbox statement.
    background Frame("gui/button/main_menu_idle.png")
              ^

Ren'Py Version: Ren'Py 8.1.3.23091805
Sat Nov  4 16:14:39 2023
